{
    "homo_sapiens-test_rnaseq-paired-multiple": {
        "content": [
            {
                "versions_trinity": [
                    [
                        "TRINITY",
                        "trinity",
                        "2.15.2"
                    ]
                ]
            }
        ],
        "meta": {
            "nf-test": "0.9.2",
            "nextflow": "25.04.6"
        },
        "timestamp": "2025-10-28T13:22:02.72961086"
    },
    "homo_sapiens-test_rnaseq-single": {
        "content": [
            {
                "versions_trinity": [
                    [
                        "TRINITY",
                        "trinity",
                        "2.15.2"
                    ]
                ]
            }
        ],
        "meta": {
            "nf-test": "0.9.2",
            "nextflow": "25.04.6"
        },
        "timestamp": "2025-10-28T13:21:13.836913087"
    },
    "homo_sapiens-test_rnaseq-paired": {
        "content": [
            {
                "versions_trinity": [
                    [
                        "TRINITY",
                        "trinity",
                        "2.15.2"
                    ]
                ]
            }
        ],
        "meta": {
            "nf-test": "0.9.2",
            "nextflow": "25.04.6"
        },
        "timestamp": "2025-10-28T13:20:45.185841704"
    },
    "homo_sapiens-test_rnaseq-single-multiple": {
        "content": [
            {
                "versions_trinity": [
                    [
                        "TRINITY",
                        "trinity",
                        "2.15.2"
                    ]
                ]
            }
        ],
        "meta": {
            "nf-test": "0.9.2",
            "nextflow": "25.04.6"
        },
        "timestamp": "2025-10-28T13:22:38.810477312"
    },
    "homo_sapiens-test_rnaseq-stub": {
        "content": [
            {
                "0": [
                    [
                        {
                            "id": "test",
                            "single_end": false
                        },
                        "test.fa.gz:md5,d41d8cd98f00b204e9800998ecf8427e"
                    ]
                ],
                "1": [
                    [
                        {
                            "id": "test",
                            "single_end": false
                        },
                        "test.log:md5,d41d8cd98f00b204e9800998ecf8427e"
                    ]
                ],
                "2": [
                    [
                        "TRINITY",
                        "trinity",
                        "2.15.2"
                    ]
                ],
                "log": [
                    [
                        {
                            "id": "test",
                            "single_end": false
                        },
                        "test.log:md5,d41d8cd98f00b204e9800998ecf8427e"
                    ]
                ],
                "transcript_fasta": [
                    [
                        {
                            "id": "test",
                            "single_end": false
                        },
                        "test.fa.gz:md5,d41d8cd98f00b204e9800998ecf8427e"
                    ]
                ],
                "versions_trinity": [
                    [
                        "TRINITY",
                        "trinity",
                        "2.15.2"
                    ]
                ]
            }
        ],
        "meta": {
            "nf-test": "0.9.2",
            "nextflow": "25.04.6"
        },
        "timestamp": "2025-10-28T12:05:29.82401984"
    }
}